---
source: src/main.rs
expression: encoded
---
[
    2,
    1,
    2,
    0,
    0,
    0,
    3,
    0,
    0,
    0,
    0,
    0,
    0,
    0,
    5,
    0,
    0,
    0,
    104,
    101,
    108,
    108,
    111,
    1,
    2,
    3,
    4,
]
