---
source: src/main.rs
expression: encoded
---
[
    1,
]
