---
source: src/main.rs
expression: decoded
---
C
