---
source: src/main.rs
expression: decoded
---
Tuple(
    A {
        a: 1,
        b: 2,
        c: 3,
        d: "hello",
    },
    B {
        a: 1,
        b: 2,
        c: 3,
        d: 4,
    },
)
