---
source: src/main.rs
expression: encoded
---
[
    2,
]
