---
source: src/main.rs
expression: encoded
---
[
    0,
]
