---
source: src/main.rs
expression: decoded
---
B
